// Jest Snapshot v1, https://goo.gl/fbAQLP

exports[`matches snapshot 1`] = `
<DocumentFragment>
  <div
    class="JobCard container shadow p-3 mb-3 bg-white rounded"
  >
    <h6>
      CEO
    </h6>
    <p />
    <p>
      Salary: 1000000
    </p>
    <p>
      Equity: 10
    </p>
    <button
      class="btn btn-primary"
    >
      Apply
    </button>
  </div>
</DocumentFragment>
`;
