// Jest Snapshot v1, https://goo.gl/fbAQLP

exports[`matches snapshot 1`] = `
<DocumentFragment>
  <div
    class="JobCard container-fluid col-8 mb-3 bg-white rounded"
  >
    <h5>
      <u>
        CEO
      </u>
    </h5>
    <p>
      <br />
      Salary: 1000000
      <br />
      Equity: 10
    </p>
    <button
      class="btn btn-primary"
    >
      Apply
    </button>
  </div>
</DocumentFragment>
`;
