// Jest Snapshot v1, https://goo.gl/fbAQLP

exports[`matches snapshot 1`] = `
<DocumentFragment>
  <ul>
    <li>
      <div
        class="JobCard container-fluid col-8 mb-3 bg-white rounded"
      >
        <h5>
          <u>
            test-title
          </u>
        </h5>
        <p>
          company-test
          <br />
          Salary: 10
          <br />
          Equity: 0.1
        </p>
        <button
          class="btn btn-primary"
        >
          Apply
        </button>
      </div>
    </li>
  </ul>
</DocumentFragment>
`;
