// Jest Snapshot v1, https://goo.gl/fbAQLP

exports[`matches snapshot 1`] = `
<DocumentFragment>
  <form
    class="SearchForm mt-2 mb-4"
  >
    <div
      class="container-fluid col-6 offset-3"
    >
      <div
        class="input-group"
      >
        <input
          aria-label="name"
          class="form-control"
          id="name"
          name="name"
          placeholder="Enter a search term ..."
          value=""
        />
        <button
          class="btn btn-md btn-primary"
          type="submit"
        >
          Search
        </button>
      </div>
    </div>
  </form>
</DocumentFragment>
`;
