// Jest Snapshot v1, https://goo.gl/fbAQLP

exports[`matches snapshot 1`] = `
<DocumentFragment>
  <form
    class="SignupForm mt-4"
  >
    <div
      class="container-fluid col-6 offset-3 form-group"
    >
      <div
        class="mb-2"
      >
        <label
          class="form-label"
          for="username"
        >
          Username
        </label>
        <input
          aria-label="username"
          class="form-control"
          id="username"
          name="username"
          required=""
          value=""
        />
      </div>
      <div
        class="mb-2"
      >
        <label
          class="form-label"
          for="password"
        >
          Password
        </label>
        <input
          aria-label="password"
          class="form-control"
          id="password"
          name="password"
          required=""
          type="password"
          value=""
        />
      </div>
      <div
        class="mb-2"
      >
        <label
          class="form-label"
          for="firstName"
        >
          First Name
        </label>
        <input
          aria-label="firstName"
          class="form-control"
          id="firstName"
          name="firstName"
          required=""
          value=""
        />
      </div>
      <div
        class="mb-2"
      >
        <label
          class="form-label"
          for="lastName"
        >
          Last Name
        </label>
        <input
          aria-label="lastName"
          class="form-control"
          id="lastName"
          name="lastName"
          required=""
          value=""
        />
      </div>
      <div
        class="mb-2"
      >
        <label
          class="form-label"
          for="email"
        >
          Email
        </label>
        <input
          aria-label="email"
          class="form-control"
          id="email"
          minlength="6"
          name="email"
          required=""
          value=""
        />
      </div>
      <div
        class="mt-4"
      >
        <button
          class="btn btn-lg btn-info fw-bold"
          type="submit"
        >
          Signup
        </button>
      </div>
    </div>
  </form>
</DocumentFragment>
`;
